--------------------------------------------------------------------------------
Release 14.7 Trace  (nt64)
Copyright (c) 1995-2013 Xilinx, Inc.  All rights reserved.

C:\Xilinx\14.7\ISE_DS\ISE\bin\nt64\unwrapped\trce.exe -intstyle ise -v 3 -s 3
-n 3 -fastpaths -xml Core_MemCont_VGA.twx Core_MemCont_VGA.ncd -o
Core_MemCont_VGA.twr Core_MemCont_VGA.pcf -ucf Core_MemCont_VGA.ucf

Design file:              Core_MemCont_VGA.ncd
Physical constraint file: Core_MemCont_VGA.pcf
Device,package,speed:     xc6slx16,csg324,C,-3 (PRODUCTION 1.23 2013-10-13)
Report level:             verbose report

Environment Variable      Effect 
--------------------      ------ 
NONE                      No environment variables were set
--------------------------------------------------------------------------------

INFO:Timing:2698 - No timing constraints found, doing default enumeration.
INFO:Timing:3412 - To improve timing, see the Timing Closure User Guide (UG612).
INFO:Timing:2752 - To get complete path coverage, use the unconstrained paths 
   option. All paths that are not constrained will be reported in the 
   unconstrained paths section(s) of the report.
INFO:Timing:3339 - The clock-to-out numbers in this timing report are based on 
   a 50 Ohm transmission line loading model.  For the details of this model, 
   and for more information on accounting for different loading conditions, 
   please see the device datasheet.



Data Sheet report:
-----------------
All values displayed in nanoseconds (ns)

Setup/Hold to clock ExternalClk
------------+------------+------------+------------+------------+------------------+--------+
            |Max Setup to|  Process   |Max Hold to |  Process   |                  | Clock  |
Source      | clk (edge) |   Corner   | clk (edge) |   Corner   |Internal Clock(s) | Phase  |
------------+------------+------------+------------+------------+------------------+--------+
JA<4>       |    2.221(R)|      SLOW  |   -0.397(R)|      SLOW  |clk               |   0.000|
JA<5>       |    2.093(R)|      SLOW  |   -0.082(R)|      SLOW  |clk               |   0.000|
JA<6>       |    1.495(R)|      FAST  |   -0.461(R)|      SLOW  |clk               |   0.000|
JC<4>       |    1.560(R)|      SLOW  |   -0.057(R)|      SLOW  |clk               |   0.000|
JC<5>       |    1.734(R)|      SLOW  |   -0.059(R)|      SLOW  |clk               |   0.000|
JC<6>       |    1.776(R)|      SLOW  |   -0.383(R)|      SLOW  |clk               |   0.000|
JD<4>       |    1.934(R)|      SLOW  |   -0.498(R)|      SLOW  |clk               |   0.000|
JD<5>       |    2.290(R)|      SLOW  |   -0.297(R)|      SLOW  |clk               |   0.000|
JD<6>       |    2.837(R)|      SLOW  |   -0.976(R)|      SLOW  |clk               |   0.000|
rstBtn      |    8.864(R)|      SLOW  |   -2.533(R)|      FAST  |clk               |   0.000|
------------+------------+------------+------------+------------+------------------+--------+

Clock ExternalClk to Pad
------------+-----------------+------------+-----------------+------------+------------------+--------+
            |Max (slowest) clk|  Process   |Min (fastest) clk|  Process   |                  | Clock  |
Destination |  (edge) to PAD  |   Corner   |  (edge) to PAD  |   Corner   |Internal Clock(s) | Phase  |
------------+-----------------+------------+-----------------+------------+------------------+--------+
AN0         |         8.147(R)|      SLOW  |         4.277(R)|      FAST  |clk               |   0.000|
AN1         |         8.058(R)|      SLOW  |         4.284(R)|      FAST  |clk               |   0.000|
AN2         |         7.913(R)|      SLOW  |         4.143(R)|      FAST  |clk               |   0.000|
AN3         |         8.163(R)|      SLOW  |         4.294(R)|      FAST  |clk               |   0.000|
CA          |         8.598(R)|      SLOW  |         4.287(R)|      FAST  |clk               |   0.000|
CB          |         8.265(R)|      SLOW  |         4.133(R)|      FAST  |clk               |   0.000|
CC          |         8.784(R)|      SLOW  |         4.489(R)|      FAST  |clk               |   0.000|
CD          |         8.786(R)|      SLOW  |         4.403(R)|      FAST  |clk               |   0.000|
CE          |         8.955(R)|      SLOW  |         4.411(R)|      FAST  |clk               |   0.000|
CF          |         8.515(R)|      SLOW  |         4.341(R)|      FAST  |clk               |   0.000|
CG          |         8.718(R)|      SLOW  |         4.248(R)|      FAST  |clk               |   0.000|
ColorOut<0> |         7.900(R)|      SLOW  |         4.149(R)|      FAST  |clk               |   0.000|
ColorOut<1> |         7.755(R)|      SLOW  |         4.076(R)|      FAST  |clk               |   0.000|
ColorOut<2> |         7.618(R)|      SLOW  |         3.981(R)|      FAST  |clk               |   0.000|
ColorOut<3> |         7.764(R)|      SLOW  |         4.085(R)|      FAST  |clk               |   0.000|
ColorOut<4> |         7.791(R)|      SLOW  |         4.065(R)|      FAST  |clk               |   0.000|
ColorOut<5> |         7.838(R)|      SLOW  |         4.108(R)|      FAST  |clk               |   0.000|
ColorOut<6> |         7.721(R)|      SLOW  |         4.080(R)|      FAST  |clk               |   0.000|
ColorOut<7> |         7.656(R)|      SLOW  |         4.007(R)|      FAST  |clk               |   0.000|
Hsync       |         8.503(R)|      SLOW  |         4.584(R)|      FAST  |clk               |   0.000|
Vsync       |         8.586(R)|      SLOW  |         4.643(R)|      FAST  |clk               |   0.000|
------------+-----------------+------------+-----------------+------------+------------------+--------+

Clock to Setup on destination clock ExternalClk
---------------+---------+---------+---------+---------+
               | Src:Rise| Src:Fall| Src:Rise| Src:Fall|
Source Clock   |Dest:Rise|Dest:Rise|Dest:Fall|Dest:Fall|
---------------+---------+---------+---------+---------+
ExternalClk    |   14.801|         |         |         |
---------------+---------+---------+---------+---------+


Analysis completed Tue Nov 29 19:41:40 2016 
--------------------------------------------------------------------------------

Trace Settings:
-------------------------
Trace Settings 

Peak Memory Usage: 266 MB



